<html>
<body>
<pre>
<h1>µVision Build Log</h1>
<h2>Project:</h2>
H:\Users\student\Desktop\Student\Kobialka\Kobialka_Automat_Timer_Przerwanie_Serwo.uvproj
Project File Date:  11/25/2013

<h2>Output:</h2>
Rebuild target 'Target 1'
assembling Startup.s...
compiling main.c...
main.c(76): warning:  #1-D: last line of file ends without a newline
compiling keyboard.c...
compiling led.c...
compiling timer.c...
compiling timer_interrupts.c...
linking...
Program Size: Code=1700 RO-data=32 RW-data=8 ZI-data=1256  
FromELF: creating hex file...
".\Kobialka_Automat_Timer_Przerwanie_Serwo.axf" - 0 Errors, 1 Warning(s).
Rebuild target 'Target 1'
assembling Startup.s...
compiling main.c...
compiling keyboard.c...
compiling led.c...
compiling timer.c...
compiling timer_interrupts.c...
linking...
Program Size: Code=1700 RO-data=32 RW-data=8 ZI-data=1256  
FromELF: creating hex file...
".\Kobialka_Automat_Timer_Przerwanie_Serwo.axf" - 0 Errors, 0 Warning(s).
Rebuild target 'Target 1'
assembling Startup.s...
compiling main.c...
compiling keyboard.c...
compiling led.c...
compiling timer.c...
compiling timer_interrupts.c...
linking...
Program Size: Code=1700 RO-data=32 RW-data=8 ZI-data=1256  
FromELF: creating hex file...
".\Kobialka_Automat_Timer_Przerwanie_Serwo.axf" - 0 Errors, 0 Warning(s).
Build target 'Target 1'
compiling main.c...
compiling timer_interrupts.c...
linking...
Program Size: Code=1700 RO-data=32 RW-data=8 ZI-data=1256  
FromELF: creating hex file...
".\Kobialka_Automat_Timer_Przerwanie_Serwo.axf" - 0 Errors, 0 Warning(s).
Build target 'Target 1'
compiling main.c...
linking...
Program Size: Code=1696 RO-data=32 RW-data=8 ZI-data=1256  
FromELF: creating hex file...
".\Kobialka_Automat_Timer_Przerwanie_Serwo.axf" - 0 Errors, 0 Warning(s).
Build target 'Target 1'
compiling main.c...
linking...
Program Size: Code=1696 RO-data=32 RW-data=8 ZI-data=1256  
FromELF: creating hex file...
".\Kobialka_Automat_Timer_Przerwanie_Serwo.axf" - 0 Errors, 0 Warning(s).
Build target 'Target 1'
linking...
Program Size: Code=1696 RO-data=32 RW-data=8 ZI-data=1256  
FromELF: creating hex file...
".\Kobialka_Automat_Timer_Przerwanie_Serwo.axf" - 0 Errors, 0 Warning(s).
Build target 'Target 1'
compiling main.c...
linking...
Program Size: Code=1696 RO-data=32 RW-data=8 ZI-data=1256  
FromELF: creating hex file...
".\Kobialka_Automat_Timer_Przerwanie_Serwo.axf" - 0 Errors, 0 Warning(s).
Build target 'Target 1'
compiling main.c...
compiling timer_interrupts.c...
linking...
Program Size: Code=1700 RO-data=32 RW-data=8 ZI-data=1256  
FromELF: creating hex file...
".\Kobialka_Automat_Timer_Przerwanie_Serwo.axf" - 0 Errors, 0 Warning(s).
Build target 'Target 1'
compiling main.c...
linking...
Program Size: Code=1700 RO-data=32 RW-data=8 ZI-data=1256  
FromELF: creating hex file...
".\Kobialka_Automat_Timer_Przerwanie_Serwo.axf" - 0 Errors, 0 Warning(s).
Build target 'Target 1'
compiling main.c...
timer_interrupts.h(5): error:  #20: identifier "tFunctionPointer" is undefined
compiling timer_interrupts.c...
timer_interrupts.h(5): error:  #20: identifier "tFunctionPointer" is undefined
".\Kobialka_Automat_Timer_Przerwanie_Serwo.axf" - 2 Errors, 0 Warning(s).
Target not created
Build target 'Target 1'
compiling main.c...
timer_interrupts.h(5): error:  #20: identifier "tFunctionPointer" is undefined
compiling timer_interrupts.c...
timer_interrupts.h(5): error:  #20: identifier "tFunctionPointer" is undefined
".\Kobialka_Automat_Timer_Przerwanie_Serwo.axf" - 2 Errors, 0 Warning(s).
Target not created
Build target 'Target 1'
compiling main.c...
compiling timer_interrupts.c...
linking...
Program Size: Code=1700 RO-data=32 RW-data=8 ZI-data=1256  
FromELF: creating hex file...
".\Kobialka_Automat_Timer_Przerwanie_Serwo.axf" - 0 Errors, 0 Warning(s).
Build target 'Target 1'
compiling main.c...
compiling timer_interrupts.c...
linking...
Program Size: Code=1700 RO-data=32 RW-data=8 ZI-data=1256  
FromELF: creating hex file...
".\Kobialka_Automat_Timer_Przerwanie_Serwo.axf" - 0 Errors, 0 Warning(s).
Build target 'Target 1'
compiling main.c...
compiling timer_interrupts.c...
timer_interrupts.c(36): error:  #20: identifier "ptrInterruptFunction" is undefined
timer_interrupts.c(36): error:  #141-D: unnamed prototyped parameters not allowed when body is present
timer_interrupts.c(38): error:  #20: identifier "ptrInterruptFunction" is undefined
".\Kobialka_Automat_Timer_Przerwanie_Serwo.axf" - 3 Errors, 0 Warning(s).
Target not created
Build target 'Target 1'
compiling timer_interrupts.c...
linking...
Program Size: Code=1700 RO-data=32 RW-data=8 ZI-data=1256  
FromELF: creating hex file...
".\Kobialka_Automat_Timer_Przerwanie_Serwo.axf" - 0 Errors, 0 Warning(s).
Build target 'Target 1'
compiling main.c...
compiling timer_interrupts.c...
linking...
Program Size: Code=1860 RO-data=32 RW-data=12 ZI-data=1260  
FromELF: creating hex file...
".\Kobialka_Automat_Timer_Przerwanie_Serwo.axf" - 0 Errors, 0 Warning(s).
Build target 'Target 1'
compiling main.c...
main.c(63): warning:  #223-D: function "Timer1Interrupts_Init" declared implicitly
linking...
Program Size: Code=1860 RO-data=32 RW-data=12 ZI-data=1260  
FromELF: creating hex file...
".\Kobialka_Automat_Timer_Przerwanie_Serwo.axf" - 0 Errors, 1 Warning(s).
Build target 'Target 1'
compiling main.c...
linking...
Program Size: Code=1860 RO-data=32 RW-data=12 ZI-data=1260  
FromELF: creating hex file...
".\Kobialka_Automat_Timer_Przerwanie_Serwo.axf" - 0 Errors, 0 Warning(s).
Build target 'Target 1'
compiling main.c...
main.c(63): warning:  #223-D: function "Timer1Interrupts_Init" declared implicitly
linking...
Program Size: Code=1860 RO-data=32 RW-data=12 ZI-data=1260  
FromELF: creating hex file...
".\Kobialka_Automat_Timer_Przerwanie_Serwo.axf" - 0 Errors, 1 Warning(s).
Build target 'Target 1'
compiling main.c...
compiling timer_interrupts.c...
linking...
Program Size: Code=1860 RO-data=32 RW-data=12 ZI-data=1260  
FromELF: creating hex file...
".\Kobialka_Automat_Timer_Przerwanie_Serwo.axf" - 0 Errors, 0 Warning(s).
Build target 'Target 1'
compiling main.c...
linking...
Program Size: Code=1856 RO-data=32 RW-data=12 ZI-data=1260  
FromELF: creating hex file...
".\Kobialka_Automat_Timer_Przerwanie_Serwo.axf" - 0 Errors, 0 Warning(s).
Build target 'Target 1'
compiling main.c...
linking...
Program Size: Code=1856 RO-data=32 RW-data=12 ZI-data=1260  
FromELF: creating hex file...
".\Kobialka_Automat_Timer_Przerwanie_Serwo.axf" - 0 Errors, 0 Warning(s).
Build target 'Target 1'
compiling main.c...
linking...
Program Size: Code=1856 RO-data=32 RW-data=12 ZI-data=1260  
FromELF: creating hex file...
".\Kobialka_Automat_Timer_Przerwanie_Serwo.axf" - 0 Errors, 0 Warning(s).
Build target 'Target 1'
compiling main.c...
linking...
Program Size: Code=1856 RO-data=32 RW-data=12 ZI-data=1260  
FromELF: creating hex file...
".\Kobialka_Automat_Timer_Przerwanie_Serwo.axf" - 0 Errors, 0 Warning(s).
Build target 'Target 1'
compiling main.c...
linking...
Program Size: Code=1860 RO-data=32 RW-data=12 ZI-data=1260  
FromELF: creating hex file...
".\Kobialka_Automat_Timer_Przerwanie_Serwo.axf" - 0 Errors, 0 Warning(s).
Build target 'Target 1'
compiling main.c...
linking...
Program Size: Code=1872 RO-data=32 RW-data=12 ZI-data=1260  
FromELF: creating hex file...
".\Kobialka_Automat_Timer_Przerwanie_Serwo.axf" - 0 Errors, 0 Warning(s).
Build target 'Target 1'
compiling main.c...
linking...
Program Size: Code=1872 RO-data=32 RW-data=12 ZI-data=1260  
FromELF: creating hex file...
".\Kobialka_Automat_Timer_Przerwanie_Serwo.axf" - 0 Errors, 0 Warning(s).
Build target 'Target 1'
compiling main.c...
linking...
Program Size: Code=1884 RO-data=32 RW-data=12 ZI-data=1260  
FromELF: creating hex file...
".\Kobialka_Automat_Timer_Przerwanie_Serwo.axf" - 0 Errors, 0 Warning(s).
Build target 'Target 1'
compiling main.c...
linking...
Program Size: Code=1884 RO-data=32 RW-data=12 ZI-data=1260  
FromELF: creating hex file...
".\Kobialka_Automat_Timer_Przerwanie_Serwo.axf" - 0 Errors, 0 Warning(s).
Build target 'Target 1'
linking...
Program Size: Code=1884 RO-data=32 RW-data=12 ZI-data=1260  
FromELF: creating hex file...
".\Kobialka_Automat_Timer_Przerwanie_Serwo.axf" - 0 Errors, 0 Warning(s).
Rebuild target 'Target 1'
assembling Startup.s...
compiling main.c...
compiling keyboard.c...
compiling led.c...
compiling timer.c...
compiling timer_interrupts.c...
compiling servo.c...
servo.c(4): warning:  #1-D: last line of file ends without a newline
servo.h(3): warning:  #1-D: last line of file ends without a newline
linking...
Program Size: Code=1552 RO-data=32 RW-data=4 ZI-data=1260  
FromELF: creating hex file...
".\Kobialka_Automat_Timer_Przerwanie_Serwo.axf" - 0 Errors, 2 Warning(s).
Build target 'Target 1'
compiling servo.c...
linking...
Program Size: Code=1552 RO-data=32 RW-data=4 ZI-data=1260  
FromELF: creating hex file...
".\Kobialka_Automat_Timer_Przerwanie_Serwo.axf" - 0 Errors, 0 Warning(s).
Rebuild target 'Target 1'
assembling Startup.s...
compiling main.c...
compiling keyboard.c...
compiling led.c...
compiling timer.c...
compiling timer_interrupts.c...
compiling servo.c...
servo.c(11): error:  #20: identifier "P0DIR" is undefined
".\Kobialka_Automat_Timer_Przerwanie_Serwo.axf" - 1 Errors, 0 Warning(s).
Target not created
Rebuild target 'Target 1'
assembling Startup.s...
compiling main.c...
compiling keyboard.c...
compiling led.c...
compiling timer.c...
compiling timer_interrupts.c...
compiling servo.c...
servo.c(12): error:  #20: identifier "P0DIR" is undefined
".\Kobialka_Automat_Timer_Przerwanie_Serwo.axf" - 1 Errors, 0 Warning(s).
Target not created
Build target 'Target 1'
compiling main.c...
compiling servo.c...
linking...
Program Size: Code=1684 RO-data=32 RW-data=4 ZI-data=1260  
FromELF: creating hex file...
".\Kobialka_Automat_Timer_Przerwanie_Serwo.axf" - 0 Errors, 0 Warning(s).
Build target 'Target 1'
compiling main.c...
compiling servo.c...
linking...
Program Size: Code=2008 RO-data=32 RW-data=12 ZI-data=1260  
FromELF: creating hex file...
".\Kobialka_Automat_Timer_Przerwanie_Serwo.axf" - 0 Errors, 0 Warning(s).
Build target 'Target 1'
compiling main.c...
linking...
Program Size: Code=2008 RO-data=32 RW-data=12 ZI-data=1260  
FromELF: creating hex file...
".\Kobialka_Automat_Timer_Przerwanie_Serwo.axf" - 0 Errors, 0 Warning(s).
Build target 'Target 1'
compiling main.c...
linking...
Program Size: Code=1692 RO-data=32 RW-data=12 ZI-data=1260  
FromELF: creating hex file...
".\Kobialka_Automat_Timer_Przerwanie_Serwo.axf" - 0 Errors, 0 Warning(s).
Build target 'Target 1'
compiling main.c...
linking...
Program Size: Code=1692 RO-data=32 RW-data=12 ZI-data=1260  
FromELF: creating hex file...
".\Kobialka_Automat_Timer_Przerwanie_Serwo.axf" - 0 Errors, 0 Warning(s).
Build target 'Target 1'
compiling main.c...
main.c(16): error:  #20: identifier "tServo" is undefined
".\Kobialka_Automat_Timer_Przerwanie_Serwo.axf" - 1 Errors, 0 Warning(s).
Target not created
Build target 'Target 1'
compiling main.c...
linking...
Program Size: Code=1692 RO-data=32 RW-data=12 ZI-data=1260  
FromELF: creating hex file...
".\Kobialka_Automat_Timer_Przerwanie_Serwo.axf" - 0 Errors, 0 Warning(s).
Build target 'Target 1'
compiling main.c...
compiling led.c...
linking...
Program Size: Code=1952 RO-data=32 RW-data=12 ZI-data=1268  
FromELF: creating hex file...
".\Kobialka_Automat_Timer_Przerwanie_Serwo.axf" - 0 Errors, 0 Warning(s).
Build target 'Target 1'
compiling main.c...
linking...
Program Size: Code=2172 RO-data=32 RW-data=12 ZI-data=1268  
FromELF: creating hex file...
".\Kobialka_Automat_Timer_Przerwanie_Serwo.axf" - 0 Errors, 0 Warning(s).
Build target 'Target 1'
compiling main.c...
linking...
Program Size: Code=2172 RO-data=32 RW-data=12 ZI-data=1268  
FromELF: creating hex file...
".\Kobialka_Automat_Timer_Przerwanie_Serwo.axf" - 0 Errors, 0 Warning(s).
Build target 'Target 1'
compiling main.c...
compiling servo.c...
linking...
.\Kobialka_Automat_Timer_Przerwanie_Serwo.axf: Error: L6200E: Symbol sServo multiply defined (by servo.o and main.o).
".\Kobialka_Automat_Timer_Przerwanie_Serwo.axf" - 1 Errors, 0 Warning(s).
Target not created
Build target 'Target 1'
compiling main.c...
compiling servo.c...
linking...
Program Size: Code=2660 RO-data=32 RW-data=12 ZI-data=1268  
FromELF: creating hex file...
".\Kobialka_Automat_Timer_Przerwanie_Serwo.axf" - 0 Errors, 0 Warning(s).
Build target 'Target 1'
compiling main.c...
compiling servo.c...
linking...
.\Kobialka_Automat_Timer_Przerwanie_Serwo.axf: Error: L6218E: Undefined symbol eAutoState (referred from servo.o).
".\Kobialka_Automat_Timer_Przerwanie_Serwo.axf" - 1 Errors, 0 Warning(s).
Target not created
Build target 'Target 1'
compiling servo.c...
linking...
.\Kobialka_Automat_Timer_Przerwanie_Serwo.axf: Error: L6218E: Undefined symbol eAutoState (referred from servo.o).
".\Kobialka_Automat_Timer_Przerwanie_Serwo.axf" - 1 Errors, 0 Warning(s).
Target not created
Build target 'Target 1'
compiling servo.c...
linking...
Program Size: Code=2660 RO-data=32 RW-data=16 ZI-data=1272  
FromELF: creating hex file...
".\Kobialka_Automat_Timer_Przerwanie_Serwo.axf" - 0 Errors, 0 Warning(s).
Build target 'Target 1'
compiling main.c...
compiling servo.c...
linking...
Program Size: Code=2664 RO-data=32 RW-data=16 ZI-data=1272  
FromELF: creating hex file...
".\Kobialka_Automat_Timer_Przerwanie_Serwo.axf" - 0 Errors, 0 Warning(s).
Build target 'Target 1'
compiling main.c...
linking...
Program Size: Code=2664 RO-data=32 RW-data=16 ZI-data=1272  
FromELF: creating hex file...
".\Kobialka_Automat_Timer_Przerwanie_Serwo.axf" - 0 Errors, 0 Warning(s).
Build target 'Target 1'
compiling main.c...
linking...
Program Size: Code=2664 RO-data=32 RW-data=16 ZI-data=1272  
FromELF: creating hex file...
".\Kobialka_Automat_Timer_Przerwanie_Serwo.axf" - 0 Errors, 0 Warning(s).
Build target 'Target 1'
compiling main.c...
main.c(15): warning:  #174-D: expression has no effect
main.c(16): error:  #65: expected a ";"
main.c(34): warning:  #12-D: parsing restarts here after previous syntax error
".\Kobialka_Automat_Timer_Przerwanie_Serwo.axf" - 1 Errors, 2 Warning(s).
Target not created
Build target 'Target 1'
compiling main.c...
linking...
Program Size: Code=2700 RO-data=32 RW-data=16 ZI-data=1272  
FromELF: creating hex file...
".\Kobialka_Automat_Timer_Przerwanie_Serwo.axf" - 0 Errors, 0 Warning(s).
Build target 'Target 1'
compiling main.c...
linking...
Program Size: Code=2704 RO-data=32 RW-data=16 ZI-data=1272  
FromELF: creating hex file...
".\Kobialka_Automat_Timer_Przerwanie_Serwo.axf" - 0 Errors, 0 Warning(s).
Build target 'Target 1'
compiling main.c...
compiling servo.c...
linking...
Program Size: Code=2704 RO-data=32 RW-data=16 ZI-data=1272  
FromELF: creating hex file...
".\Kobialka_Automat_Timer_Przerwanie_Serwo.axf" - 0 Errors, 0 Warning(s).
Build target 'Target 1'
compiling servo.c...
linking...
Program Size: Code=2704 RO-data=32 RW-data=16 ZI-data=1272  
FromELF: creating hex file...
".\Kobialka_Automat_Timer_Przerwanie_Serwo.axf" - 0 Errors, 0 Warning(s).
Build target 'Target 1'
compiling main.c...
servo.h(7): error:  #20: identifier "tDetectorState" is undefined
compiling servo.c...
servo.h(7): error:  #20: identifier "tDetectorState" is undefined
".\Kobialka_Automat_Timer_Przerwanie_Serwo.axf" - 2 Errors, 0 Warning(s).
Target not created
Build target 'Target 1'
compiling main.c...
compiling servo.c...
servo.c(32): warning:  #223-D: function "eReadDetector" declared implicitly
servo.c(85): error:  #159: declaration is incompatible with previous "eReadDetector" (declared at line 32)
".\Kobialka_Automat_Timer_Przerwanie_Serwo.axf" - 1 Errors, 1 Warning(s).
Target not created
Build target 'Target 1'
compiling servo.c...
linking...
Program Size: Code=2704 RO-data=32 RW-data=16 ZI-data=1272  
FromELF: creating hex file...
".\Kobialka_Automat_Timer_Przerwanie_Serwo.axf" - 0 Errors, 0 Warning(s).
Build target 'Target 1'
compiling main.c...
compiling servo.c...
linking...
Program Size: Code=2704 RO-data=32 RW-data=16 ZI-data=1272  
FromELF: creating hex file...
".\Kobialka_Automat_Timer_Przerwanie_Serwo.axf" - 0 Errors, 0 Warning(s).
Build target 'Target 1'
compiling main.c...
compiling servo.c...
linking...
Program Size: Code=2692 RO-data=32 RW-data=16 ZI-data=1272  
FromELF: creating hex file...
".\Kobialka_Automat_Timer_Przerwanie_Serwo.axf" - 0 Errors, 0 Warning(s).
Build target 'Target 1'
compiling servo.c...
linking...
Program Size: Code=2692 RO-data=32 RW-data=16 ZI-data=1272  
FromELF: creating hex file...
".\Kobialka_Automat_Timer_Przerwanie_Serwo.axf" - 0 Errors, 0 Warning(s).
