<html>
<body>
<pre>
<h1>µVision Build Log</h1>
<h2>Project:</h2>
G:\archive\Kobialka_INTERRUPTS_ARCHIVE_OK\Interrupts_m.uvproj
Project File Date:  11/03/2014

<h2>Output:</h2>
Rebuild target 'Target 1'
assembling Startup.s...
compiling main.c...
main.c(63): warning:  #177-D: variable "eButts3_State" was declared but never referenced
        Butts3State eButts3_State = WAITING;
main.c: 1 warning, 0 errors
compiling led.c...
compiling timer_interrupts.c...
compiling keyboard.c...
linking...
Program Size: Code=1724 RO-data=32 RW-data=12 ZI-data=1260  
FromELF: creating hex file...
".\Interrupts_m.axf" - 0 Error(s), 1 Warning(s).
</pre>
</body>
</html>
