<html>
<body>
<pre>
<h1>µVision Build Log</h1>
<h2>Project:</h2>
H:\Users\student\Desktop\Student\_KOBIALKA_SZEREGOWE\ARCHIVE\kobialka_12_wysylanie_lan_znak_drugi\Kobialka_12_Wysylanie_lancuchow_znakowych.uvproj
Project File Date:  03/17/2015

<h2>Output:</h2>
Rebuild target 'Target 1'
assembling Startup.s...
compiling main.c...
main.c(112): error:  #20: identifier "Servo" is undefined
main.c(113): error:  #65: expected a ";"
compiling uart.c...
compiling string.c...
compiling zegar.c...
compiling timer_interrupts.c...
compiling command_decoder.c...
compiling servo.c...
compiling led.c...
".\Kobialka_12_Wysylanie_lancuchow_znakowych.axf" - 2 Errors, 0 Warning(s).
Target not created
Rebuild target 'Target 1'
assembling Startup.s...
compiling main.c...
compiling uart.c...
compiling string.c...
compiling zegar.c...
compiling timer_interrupts.c...
compiling command_decoder.c...
compiling servo.c...
compiling led.c...
linking...
Program Size: Code=4976 RO-data=72 RW-data=40 ZI-data=1328  
FromELF: creating hex file...
".\Kobialka_12_Wysylanie_lancuchow_znakowych.axf" - 0 Errors, 0 Warning(s).
Rebuild target 'Target 1'
assembling Startup.s...
compiling main.c...
main.c(53): error:  #165: too few arguments in function call
compiling uart.c...
compiling string.c...
compiling zegar.c...
compiling timer_interrupts.c...
compiling command_decoder.c...
compiling servo.c...
compiling led.c...
".\Kobialka_12_Wysylanie_lancuchow_znakowych.axf" - 1 Errors, 0 Warning(s).
Target not created
Rebuild target 'Target 1'
assembling Startup.s...
compiling main.c...
compiling uart.c...
compiling string.c...
compiling zegar.c...
compiling timer_interrupts.c...
compiling command_decoder.c...
compiling servo.c...
compiling led.c...
linking...
Program Size: Code=4984 RO-data=72 RW-data=40 ZI-data=1328  
FromELF: creating hex file...
".\Kobialka_12_Wysylanie_lancuchow_znakowych.axf" - 0 Errors, 0 Warning(s).
Build target 'Target 1'
linking...
Program Size: Code=4984 RO-data=72 RW-data=40 ZI-data=1328  
FromELF: creating hex file...
".\Kobialka_12_Wysylanie_lancuchow_znakowych.axf" - 0 Errors, 0 Warning(s).
Rebuild target 'Target 1'
assembling Startup.s...
compiling main.c...
compiling uart.c...
compiling string.c...
compiling zegar.c...
compiling timer_interrupts.c...
compiling command_decoder.c...
compiling servo.c...
compiling led.c...
linking...
Program Size: Code=4984 RO-data=72 RW-data=40 ZI-data=1328  
FromELF: creating hex file...
".\Kobialka_12_Wysylanie_lancuchow_znakowych.axf" - 0 Errors, 0 Warning(s).
Rebuild target 'Target 1'
assembling Startup.s...
compiling main.c...
compiling uart.c...
compiling string.c...
compiling zegar.c...
compiling timer_interrupts.c...
compiling command_decoder.c...
compiling servo.c...
compiling led.c...
linking...
Program Size: Code=4856 RO-data=72 RW-data=40 ZI-data=1328  
FromELF: creating hex file...
".\Kobialka_12_Wysylanie_lancuchow_znakowych.axf" - 0 Errors, 0 Warning(s).
Rebuild target 'Target 1'
assembling Startup.s...
compiling main.c...
compiling uart.c...
compiling string.c...
compiling zegar.c...
compiling timer_interrupts.c...
compiling command_decoder.c...
compiling servo.c...
compiling led.c...
linking...
Program Size: Code=4984 RO-data=72 RW-data=40 ZI-data=1328  
FromELF: creating hex file...
".\Kobialka_12_Wysylanie_lancuchow_znakowych.axf" - 0 Errors, 0 Warning(s).
Rebuild target 'Target 1'
assembling Startup.s...
compiling main.c...
compiling uart.c...
compiling string.c...
compiling zegar.c...
compiling timer_interrupts.c...
compiling command_decoder.c...
compiling servo.c...
compiling led.c...
linking...
Program Size: Code=4984 RO-data=72 RW-data=40 ZI-data=1328  
FromELF: creating hex file...
".\Kobialka_12_Wysylanie_lancuchow_znakowych.axf" - 0 Errors, 0 Warning(s).
Rebuild target 'Target 1'
assembling Startup.s...
compiling main.c...
compiling uart.c...
compiling string.c...
compiling zegar.c...
compiling timer_interrupts.c...
compiling command_decoder.c...
compiling servo.c...
compiling led.c...
linking...
Program Size: Code=4984 RO-data=72 RW-data=40 ZI-data=1328  
FromELF: creating hex file...
".\Kobialka_12_Wysylanie_lancuchow_znakowych.axf" - 0 Errors, 0 Warning(s).
Rebuild target 'Target 1'
assembling Startup.s...
compiling main.c...
compiling uart.c...
compiling string.c...
compiling zegar.c...
compiling timer_interrupts.c...
compiling command_decoder.c...
compiling servo.c...
compiling led.c...
linking...
Program Size: Code=4984 RO-data=72 RW-data=40 ZI-data=1328  
FromELF: creating hex file...
".\Kobialka_12_Wysylanie_lancuchow_znakowych.axf" - 0 Errors, 0 Warning(s).
Rebuild target 'Target 1'
assembling Startup.s...
compiling main.c...
compiling uart.c...
compiling string.c...
compiling zegar.c...
compiling timer_interrupts.c...
compiling command_decoder.c...
compiling servo.c...
compiling led.c...
linking...
Program Size: Code=4984 RO-data=72 RW-data=40 ZI-data=1328  
FromELF: creating hex file...
".\Kobialka_12_Wysylanie_lancuchow_znakowych.axf" - 0 Errors, 0 Warning(s).
Rebuild target 'Target 1'
assembling Startup.s...
compiling main.c...
compiling uart.c...
compiling string.c...
compiling zegar.c...
compiling timer_interrupts.c...
compiling command_decoder.c...
compiling servo.c...
compiling led.c...
linking...
Program Size: Code=4984 RO-data=72 RW-data=40 ZI-data=1328  
FromELF: creating hex file...
".\Kobialka_12_Wysylanie_lancuchow_znakowych.axf" - 0 Errors, 0 Warning(s).
Rebuild target 'Target 1'
assembling Startup.s...
compiling main.c...
compiling uart.c...
compiling string.c...
compiling zegar.c...
compiling timer_interrupts.c...
compiling command_decoder.c...
compiling servo.c...
compiling led.c...
linking...
Program Size: Code=4984 RO-data=72 RW-data=40 ZI-data=1328  
FromELF: creating hex file...
".\Kobialka_12_Wysylanie_lancuchow_znakowych.axf" - 0 Errors, 0 Warning(s).
Rebuild target 'Target 1'
assembling Startup.s...
compiling main.c...
compiling uart.c...
compiling string.c...
compiling zegar.c...
compiling timer_interrupts.c...
compiling command_decoder.c...
compiling servo.c...
compiling led.c...
linking...
Program Size: Code=4984 RO-data=72 RW-data=40 ZI-data=1328  
FromELF: creating hex file...
".\Kobialka_12_Wysylanie_lancuchow_znakowych.axf" - 0 Errors, 0 Warning(s).
