<html>
<body>
<pre>
<h1>µVision Build Log</h1>
<h2>Project:</h2>
G:\Keil\current\kobialka_12_wysylanie_lan_znak_drugi\Kobialka_12_Wysylanie_lancuchow_znakowych.uvproj
Project File Date:  01/30/2015

<h2>Output:</h2>
Rebuild target 'Target 1'
assembling Startup.s...
compiling main.c...
compiling uart.c...
compiling string.c...
compiling zegar.c...
compiling timer_interrupts.c...
compiling command_decoder.c...
linking...
Program Size: Code=3900 RO-data=52 RW-data=40 ZI-data=1320  
FromELF: creating hex file...
".\Kobialka_12_Wysylanie_lancuchow_znakowych.axf" - 0 Error(s), 0 Warning(s).
