<html>
<body>
<pre>
<h1>µVision Build Log</h1>
<h2>Project:</h2>
H:\Users\student\Desktop\Student\_KOBIALKA_SZEREGOWE\SPI_BASIC_CURRENT\spi_basic.uvproj
Project File Date:  03/24/2015

<h2>Output:</h2>
Rebuild target 'Target 1'
compiling spi_lab.c...
spi_lab.c(41): error:  #20: identifier "iDataToTx" is undefined
assembling Startup.s...
compiling main.c...
".\spi_basic.axf" - 1 Errors, 0 Warning(s).
Target not created
Rebuild target 'Target 1'
compiling spi_lab.c...
assembling Startup.s...
compiling main.c...
linking...
Program Size: Code=920 RO-data=16 RW-data=0 ZI-data=1256  
FromELF: creating hex file...
".\spi_basic.axf" - 0 Errors, 0 Warning(s).
Rebuild target 'Target 1'
compiling spi_lab.c...
assembling Startup.s...
compiling main.c...
linking...
Program Size: Code=936 RO-data=16 RW-data=0 ZI-data=1256  
FromELF: creating hex file...
".\spi_basic.axf" - 0 Errors, 0 Warning(s).
Rebuild target 'Target 1'
compiling spi_lab.c...
assembling Startup.s...
compiling main.c...
linking...
Program Size: Code=936 RO-data=16 RW-data=0 ZI-data=1256  
FromELF: creating hex file...
".\spi_basic.axf" - 0 Errors, 0 Warning(s).
Rebuild target 'Target 1'
compiling spi_lab.c...
assembling Startup.s...
compiling main.c...
linking...
Program Size: Code=960 RO-data=16 RW-data=0 ZI-data=1256  
FromELF: creating hex file...
".\spi_basic.axf" - 0 Errors, 0 Warning(s).
Rebuild target 'Target 1'
compiling spi_lab.c...
assembling Startup.s...
compiling main.c...
main.c(6): warning:  #177-D: variable "uiTemp" was declared but never referenced
main.c(6): warning:  #177-D: variable "uiTemp2" was declared but never referenced
linking...
Program Size: Code=976 RO-data=16 RW-data=0 ZI-data=1256  
FromELF: creating hex file...
".\spi_basic.axf" - 0 Errors, 2 Warning(s).
Rebuild target 'Target 1'
compiling spi_lab.c...
assembling Startup.s...
compiling main.c...
main.c(6): warning:  #177-D: variable "uiTemp" was declared but never referenced
main.c(6): warning:  #177-D: variable "uiTemp2" was declared but never referenced
linking...
Program Size: Code=968 RO-data=16 RW-data=0 ZI-data=1256  
FromELF: creating hex file...
".\spi_basic.axf" - 0 Errors, 2 Warning(s).
Rebuild target 'Target 1'
compiling spi_lab.c...
assembling Startup.s...
compiling main.c...
main.c(6): warning:  #177-D: variable "uiTemp" was declared but never referenced
main.c(6): warning:  #177-D: variable "uiTemp2" was declared but never referenced
linking...
Program Size: Code=968 RO-data=16 RW-data=0 ZI-data=1256  
FromELF: creating hex file...
".\spi_basic.axf" - 0 Errors, 2 Warning(s).
