<html>
<body>
<pre>
<h1>µVision Build Log</h1>
<h2>Project:</h2>
G:\Keil\archive\Kobialka_UART_archive\Kobialka_UART.uvproj
Project File Date:  01/25/2015

<h2>Output:</h2>
Rebuild target 'Target 1'
assembling Startup.s...
compiling keyboard.c...
compiling led.c...
compiling main.c...
compiling servo.c...
compiling timer.c...
compiling timer_interrupts.c...
compiling uart.c...
linking...
Program Size: Code=3152 RO-data=32 RW-data=16 ZI-data=1272  
FromELF: creating hex file...
".\Kobialka_UART.axf" - 0 Error(s), 0 Warning(s).
</pre>
</body>
</html>
