<html>
<body>
<pre>
<h1>µVision Build Log</h1>
<h2>Project:</h2>
H:\Users\student\Desktop\Student\_KOBIALKA\SPI_adv_CURR\SPI_advanced_CURRENT\spi_advanced_kobialka.uvproj
Project File Date:  06/02/2015

<h2>Output:</h2>
Rebuild target 'Target 1'
assembling Startup.s...
compiling main.c...
main.c(40): warning:  #550-D: variable "uiTempVar" was set but never used
compiling spi_lab.c...
spi_lab.c(128): warning:  #550-D: variable "ucRxByte" was set but never used
compiling timer.c...
compiling command_decoder.c...
compiling keyboard.c...
compiling led.c...
compiling servo.c...
compiling string.c...
compiling timer_interrupts.c...
compiling uart.c...
compiling zegar.c...
linking...
Program Size: Code=6840 RO-data=52 RW-data=124 ZI-data=1852  
FromELF: creating hex file...
".\spi_advanced_kobialka.axf" - 0 Errors, 2 Warning(s).
