<html>
<body>
<pre>
<h1>µVision Build Log</h1>
<h2>Project:</h2>
H:\Users\student\Desktop\Student\_KOBIALKA\SPI_advanced_CURRENT\spi_advanced_kobialka.uvproj
Project File Date:  05/05/2015

<h2>Output:</h2>
Rebuild target 'Target 1'
assembling Startup.s...
compiling main.c...
compiling spi_lab.c...
spi_lab.c(128): warning:  #550-D: variable "ucRxByte" was set but never used
compiling timer.c...
compiling command_decoder.c...
compiling keyboard.c...
compiling led.c...
compiling servo.c...
compiling string.c...
compiling timer_interrupts.c...
compiling uart.c...
compiling zegar.c...
linking...
Program Size: Code=6524 RO-data=52 RW-data=96 ZI-data=1848  
FromELF: creating hex file...
".\spi_advanced_kobialka.axf" - 0 Errors, 1 Warning(s).
Rebuild target 'Target 1'
assembling Startup.s...
compiling main.c...
compiling spi_lab.c...
spi_lab.c(62): error:  #20: identifier "PINSEL0" is undefined
spi_lab.c(66): error:  #20: identifier "IO0DIR" is undefined
spi_lab.c(67): error:  #20: identifier "IO0SET" is undefined
spi_lab.c(70): error:  #20: identifier "S0SPCR" is undefined
spi_lab.c(72): error:  #20: identifier "S0SPCCR" is undefined
spi_lab.c(75): error:  #20: identifier "IO0CLR" is undefined
spi_lab.c(80): error:  #20: identifier "S0SPDR" is undefined
spi_lab.c(81): error:  #20: identifier "S0SPSR" is undefined
spi_lab.c(98): error:  #20: identifier "PINSEL0" is undefined
spi_lab.c(102): error:  #20: identifier "S0SPCR" is undefined
spi_lab.c(114): error:  #20: identifier "S0SPCCR" is undefined
spi_lab.c(148): error:  #20: identifier "S0SPDR" is undefined
spi_lab.c(149): error:  #20: identifier "S0SPSR" is undefined
spi_lab.c(128): warning:  #550-D: variable "ucRxByte" was set but never used
spi_lab.c(164): error:  #20: identifier "IO0DIR" is undefined
spi_lab.c(165): error:  #20: identifier "IO0SET" is undefined
spi_lab.c(180): error:  #20: identifier "IO0CLR" is undefined
spi_lab.c(182): error:  #20: identifier "IO0SET" is undefined
spi_lab.c(188): error:  #20: identifier "IO0DIR" is undefined
spi_lab.c(189): error:  #20: identifier "IO0SET" is undefined
spi_lab.c(205): error:  #20: identifier "IO0CLR" is undefined
spi_lab.c(207): error:  #20: identifier "IO0SET" is undefined
spi_lab.c(212): error:  #20: identifier "IO0CLR" is undefined
spi_lab.c(214): error:  #20: identifier "IO0SET" is undefined
compiling timer.c...
compiling command_decoder.c...
compiling keyboard.c...
compiling led.c...
compiling servo.c...
compiling string.c...
compiling timer_interrupts.c...
compiling uart.c...
compiling zegar.c...
".\spi_advanced_kobialka.axf" - 23 Errors, 1 Warning(s).
Target not created
Rebuild target 'Target 1'
assembling Startup.s...
compiling main.c...
compiling spi_lab.c...
spi_lab.c(128): warning:  #550-D: variable "ucRxByte" was set but never used
compiling timer.c...
compiling command_decoder.c...
compiling keyboard.c...
compiling led.c...
compiling servo.c...
compiling string.c...
compiling timer_interrupts.c...
compiling uart.c...
compiling zegar.c...
linking...
Program Size: Code=6524 RO-data=52 RW-data=96 ZI-data=1848  
FromELF: creating hex file...
".\spi_advanced_kobialka.axf" - 0 Errors, 1 Warning(s).
Rebuild target 'Target 1'
assembling Startup.s...
compiling main.c...
compiling spi_lab.c...
spi_lab.c(128): warning:  #550-D: variable "ucRxByte" was set but never used
compiling timer.c...
compiling command_decoder.c...
compiling keyboard.c...
compiling led.c...
compiling servo.c...
compiling string.c...
compiling timer_interrupts.c...
compiling uart.c...
compiling zegar.c...
linking...
Program Size: Code=6532 RO-data=52 RW-data=96 ZI-data=1848  
FromELF: creating hex file...
".\spi_advanced_kobialka.axf" - 0 Errors, 1 Warning(s).
Rebuild target 'Target 1'
assembling Startup.s...
compiling main.c...
compiling spi_lab.c...
spi_lab.c(128): warning:  #550-D: variable "ucRxByte" was set but never used
compiling timer.c...
compiling command_decoder.c...
compiling keyboard.c...
compiling led.c...
compiling servo.c...
compiling string.c...
compiling timer_interrupts.c...
compiling uart.c...
compiling zegar.c...
linking...
Program Size: Code=6540 RO-data=52 RW-data=96 ZI-data=1848  
FromELF: creating hex file...
".\spi_advanced_kobialka.axf" - 0 Errors, 1 Warning(s).
Rebuild target 'Target 1'
assembling Startup.s...
compiling main.c...
compiling spi_lab.c...
spi_lab.c(128): warning:  #550-D: variable "ucRxByte" was set but never used
compiling timer.c...
compiling command_decoder.c...
compiling keyboard.c...
compiling led.c...
compiling servo.c...
compiling string.c...
compiling timer_interrupts.c...
compiling uart.c...
compiling zegar.c...
linking...
Program Size: Code=6556 RO-data=52 RW-data=96 ZI-data=1848  
FromELF: creating hex file...
".\spi_advanced_kobialka.axf" - 0 Errors, 1 Warning(s).
Rebuild target 'Target 1'
assembling Startup.s...
compiling main.c...
compiling spi_lab.c...
spi_lab.c(128): warning:  #550-D: variable "ucRxByte" was set but never used
compiling timer.c...
compiling command_decoder.c...
compiling keyboard.c...
compiling led.c...
compiling servo.c...
compiling string.c...
compiling timer_interrupts.c...
compiling uart.c...
compiling zegar.c...
linking...
Program Size: Code=6556 RO-data=52 RW-data=96 ZI-data=1848  
FromELF: creating hex file...
".\spi_advanced_kobialka.axf" - 0 Errors, 1 Warning(s).
Rebuild target 'Target 1'
assembling Startup.s...
compiling main.c...
compiling spi_lab.c...
spi_lab.c(128): warning:  #550-D: variable "ucRxByte" was set but never used
compiling timer.c...
compiling command_decoder.c...
compiling keyboard.c...
compiling led.c...
compiling servo.c...
compiling string.c...
compiling timer_interrupts.c...
compiling uart.c...
compiling zegar.c...
linking...
Program Size: Code=6564 RO-data=52 RW-data=124 ZI-data=1852  
FromELF: creating hex file...
".\spi_advanced_kobialka.axf" - 0 Errors, 1 Warning(s).
Rebuild target 'Target 1'
assembling Startup.s...
compiling main.c...
compiling spi_lab.c...
spi_lab.c(128): warning:  #550-D: variable "ucRxByte" was set but never used
compiling timer.c...
compiling command_decoder.c...
compiling keyboard.c...
compiling led.c...
compiling servo.c...
compiling string.c...
compiling timer_interrupts.c...
compiling uart.c...
compiling zegar.c...
linking...
Program Size: Code=6564 RO-data=52 RW-data=124 ZI-data=1852  
FromELF: creating hex file...
".\spi_advanced_kobialka.axf" - 0 Errors, 1 Warning(s).
Rebuild target 'Target 1'
assembling Startup.s...
compiling main.c...
compiling spi_lab.c...
spi_lab.c(128): warning:  #550-D: variable "ucRxByte" was set but never used
compiling timer.c...
compiling command_decoder.c...
compiling keyboard.c...
compiling led.c...
compiling servo.c...
compiling string.c...
compiling timer_interrupts.c...
compiling uart.c...
compiling zegar.c...
linking...
Program Size: Code=6644 RO-data=52 RW-data=124 ZI-data=1852  
FromELF: creating hex file...
".\spi_advanced_kobialka.axf" - 0 Errors, 1 Warning(s).
Rebuild target 'Target 1'
assembling Startup.s...
compiling main.c...
compiling spi_lab.c...
spi_lab.c(128): warning:  #550-D: variable "ucRxByte" was set but never used
compiling timer.c...
compiling command_decoder.c...
compiling keyboard.c...
compiling led.c...
compiling servo.c...
compiling string.c...
compiling timer_interrupts.c...
compiling uart.c...
compiling zegar.c...
linking...
Program Size: Code=6644 RO-data=52 RW-data=124 ZI-data=1852  
FromELF: creating hex file...
".\spi_advanced_kobialka.axf" - 0 Errors, 1 Warning(s).
Rebuild target 'Target 1'
assembling Startup.s...
compiling main.c...
compiling spi_lab.c...
spi_lab.c(128): warning:  #550-D: variable "ucRxByte" was set but never used
compiling timer.c...
compiling command_decoder.c...
compiling keyboard.c...
compiling led.c...
compiling servo.c...
compiling string.c...
compiling timer_interrupts.c...
compiling uart.c...
compiling zegar.c...
linking...
Program Size: Code=6644 RO-data=52 RW-data=124 ZI-data=1852  
FromELF: creating hex file...
".\spi_advanced_kobialka.axf" - 0 Errors, 1 Warning(s).
Rebuild target 'Target 1'
assembling Startup.s...
compiling main.c...
compiling spi_lab.c...
spi_lab.c(128): warning:  #550-D: variable "ucRxByte" was set but never used
compiling timer.c...
compiling command_decoder.c...
compiling keyboard.c...
compiling led.c...
compiling servo.c...
compiling string.c...
compiling timer_interrupts.c...
compiling uart.c...
compiling zegar.c...
linking...
Program Size: Code=6644 RO-data=52 RW-data=124 ZI-data=1852  
FromELF: creating hex file...
".\spi_advanced_kobialka.axf" - 0 Errors, 1 Warning(s).
Rebuild target 'Target 1'
assembling Startup.s...
compiling main.c...
compiling spi_lab.c...
spi_lab.c(128): warning:  #550-D: variable "ucRxByte" was set but never used
compiling timer.c...
compiling command_decoder.c...
compiling keyboard.c...
compiling led.c...
compiling servo.c...
compiling string.c...
compiling timer_interrupts.c...
compiling uart.c...
compiling zegar.c...
linking...
Program Size: Code=6700 RO-data=52 RW-data=124 ZI-data=1852  
FromELF: creating hex file...
".\spi_advanced_kobialka.axf" - 0 Errors, 1 Warning(s).
Rebuild target 'Target 1'
assembling Startup.s...
compiling main.c...
compiling spi_lab.c...
spi_lab.c(128): warning:  #550-D: variable "ucRxByte" was set but never used
compiling timer.c...
compiling command_decoder.c...
compiling keyboard.c...
compiling led.c...
compiling servo.c...
compiling string.c...
compiling timer_interrupts.c...
compiling uart.c...
compiling zegar.c...
linking...
Program Size: Code=6700 RO-data=52 RW-data=124 ZI-data=1852  
FromELF: creating hex file...
".\spi_advanced_kobialka.axf" - 0 Errors, 1 Warning(s).
Rebuild target 'Target 1'
assembling Startup.s...
compiling main.c...
compiling spi_lab.c...
spi_lab.c(128): warning:  #550-D: variable "ucRxByte" was set but never used
compiling timer.c...
compiling command_decoder.c...
compiling keyboard.c...
compiling led.c...
compiling servo.c...
compiling string.c...
compiling timer_interrupts.c...
compiling uart.c...
compiling zegar.c...
linking...
Program Size: Code=6784 RO-data=52 RW-data=124 ZI-data=1852  
FromELF: creating hex file...
".\spi_advanced_kobialka.axf" - 0 Errors, 1 Warning(s).
Rebuild target 'Target 1'
assembling Startup.s...
compiling main.c...
main.c(100): error:  #20: identifier "pcTempString" is undefined
compiling spi_lab.c...
spi_lab.c(128): warning:  #550-D: variable "ucRxByte" was set but never used
compiling timer.c...
compiling command_decoder.c...
compiling keyboard.c...
compiling led.c...
compiling servo.c...
compiling string.c...
compiling timer_interrupts.c...
compiling uart.c...
compiling zegar.c...
".\spi_advanced_kobialka.axf" - 1 Errors, 1 Warning(s).
Target not created
Rebuild target 'Target 1'
assembling Startup.s...
compiling main.c...
compiling spi_lab.c...
spi_lab.c(128): warning:  #550-D: variable "ucRxByte" was set but never used
compiling timer.c...
compiling command_decoder.c...
compiling keyboard.c...
compiling led.c...
compiling servo.c...
compiling string.c...
compiling timer_interrupts.c...
compiling uart.c...
compiling zegar.c...
linking...
Program Size: Code=6840 RO-data=52 RW-data=124 ZI-data=1852  
FromELF: creating hex file...
".\spi_advanced_kobialka.axf" - 0 Errors, 1 Warning(s).
Rebuild target 'Target 1'
assembling Startup.s...
compiling main.c...
main.c(89): error:  #137: expression must be a modifiable lvalue
compiling spi_lab.c...
spi_lab.c(128): warning:  #550-D: variable "ucRxByte" was set but never used
compiling timer.c...
compiling command_decoder.c...
compiling keyboard.c...
compiling led.c...
compiling servo.c...
compiling string.c...
compiling timer_interrupts.c...
compiling uart.c...
compiling zegar.c...
".\spi_advanced_kobialka.axf" - 1 Errors, 1 Warning(s).
Target not created
Rebuild target 'Target 1'
assembling Startup.s...
compiling main.c...
compiling spi_lab.c...
spi_lab.c(128): warning:  #550-D: variable "ucRxByte" was set but never used
compiling timer.c...
compiling command_decoder.c...
compiling keyboard.c...
compiling led.c...
compiling servo.c...
compiling string.c...
compiling timer_interrupts.c...
compiling uart.c...
compiling zegar.c...
linking...
Program Size: Code=6840 RO-data=52 RW-data=124 ZI-data=1852  
FromELF: creating hex file...
".\spi_advanced_kobialka.axf" - 0 Errors, 1 Warning(s).
Rebuild target 'Target 1'
assembling Startup.s...
compiling main.c...
compiling spi_lab.c...
spi_lab.c(128): warning:  #550-D: variable "ucRxByte" was set but never used
compiling timer.c...
compiling command_decoder.c...
compiling keyboard.c...
compiling led.c...
compiling servo.c...
compiling string.c...
compiling timer_interrupts.c...
compiling uart.c...
compiling zegar.c...
linking...
Program Size: Code=6840 RO-data=52 RW-data=124 ZI-data=1852  
FromELF: creating hex file...
".\spi_advanced_kobialka.axf" - 0 Errors, 1 Warning(s).
Rebuild target 'Target 1'
assembling Startup.s...
compiling main.c...
compiling spi_lab.c...
spi_lab.c(128): warning:  #550-D: variable "ucRxByte" was set but never used
compiling timer.c...
compiling command_decoder.c...
compiling keyboard.c...
compiling led.c...
compiling servo.c...
compiling string.c...
compiling timer_interrupts.c...
compiling uart.c...
compiling zegar.c...
linking...
Program Size: Code=6840 RO-data=52 RW-data=124 ZI-data=1852  
FromELF: creating hex file...
".\spi_advanced_kobialka.axf" - 0 Errors, 1 Warning(s).
Rebuild target 'Target 1'
assembling Startup.s...
compiling main.c...
compiling spi_lab.c...
spi_lab.c(128): warning:  #550-D: variable "ucRxByte" was set but never used
compiling timer.c...
compiling command_decoder.c...
compiling keyboard.c...
compiling led.c...
compiling servo.c...
compiling string.c...
compiling timer_interrupts.c...
compiling uart.c...
compiling zegar.c...
linking...
Program Size: Code=6836 RO-data=52 RW-data=124 ZI-data=1852  
FromELF: creating hex file...
".\spi_advanced_kobialka.axf" - 0 Errors, 1 Warning(s).
Rebuild target 'Target 1'
assembling Startup.s...
compiling main.c...
compiling spi_lab.c...
spi_lab.c(128): warning:  #550-D: variable "ucRxByte" was set but never used
compiling timer.c...
compiling command_decoder.c...
compiling keyboard.c...
compiling led.c...
compiling servo.c...
compiling string.c...
compiling timer_interrupts.c...
compiling uart.c...
compiling zegar.c...
linking...
Program Size: Code=6844 RO-data=52 RW-data=124 ZI-data=1852  
FromELF: creating hex file...
".\spi_advanced_kobialka.axf" - 0 Errors, 1 Warning(s).
Rebuild target 'Target 1'
assembling Startup.s...
compiling main.c...
main.c(40): warning:  #177-D: variable "uiTempVar" was declared but never referenced
compiling spi_lab.c...
spi_lab.c(128): warning:  #550-D: variable "ucRxByte" was set but never used
compiling timer.c...
compiling command_decoder.c...
compiling keyboard.c...
compiling led.c...
compiling servo.c...
compiling string.c...
compiling timer_interrupts.c...
compiling uart.c...
compiling zegar.c...
linking...
Program Size: Code=6848 RO-data=52 RW-data=124 ZI-data=1852  
FromELF: creating hex file...
".\spi_advanced_kobialka.axf" - 0 Errors, 2 Warning(s).
Rebuild target 'Target 1'
assembling Startup.s...
compiling main.c...
main.c(40): warning:  #550-D: variable "uiTempVar" was set but never used
compiling spi_lab.c...
spi_lab.c(128): warning:  #550-D: variable "ucRxByte" was set but never used
compiling timer.c...
compiling command_decoder.c...
compiling keyboard.c...
compiling led.c...
compiling servo.c...
compiling string.c...
compiling timer_interrupts.c...
compiling uart.c...
compiling zegar.c...
linking...
Program Size: Code=6840 RO-data=52 RW-data=124 ZI-data=1852  
FromELF: creating hex file...
".\spi_advanced_kobialka.axf" - 0 Errors, 2 Warning(s).
