<html>
<body>
<pre>
<h1>µVision Build Log</h1>
<h2>Project:</h2>
D:\_SZKO£A\Semestr 7\ARM\archive\_RAW\timery_m_ARCHIVE\Kobialka_TIMERY.uvproj
Project File Date:  11/04/2013

<h2>Output:</h2>
Build target 'Target 1'
assembling Startup.s...
compiling keyboard.c...
compiling led.c...
compiling main.c...
compiling timer.c...
linking...
Program Size: Code=1384 RO-data=32 RW-data=4 ZI-data=1260  
FromELF: creating hex file...
"Kobialka_TIMERY.axf" - 0 Error(s), 0 Warning(s).
Build target 'Target 1'
compiling timer.c...
linking...
Program Size: Code=1384 RO-data=32 RW-data=4 ZI-data=1260  
FromELF: creating hex file...
"Kobialka_TIMERY.axf" - 0 Error(s), 0 Warning(s).
